// Jest Snapshot v1, https://goo.gl/fbAQLP

exports[`ArtistQuestionScreen snapshot tests ArtistQuestionScreen should render 3 singers 1`] = `
Array [
  <h2
    className="game__title"
  >
    Кто исполняет эту песню?
  </h2>,
  <form
    className="game__artist"
  >
    <div
      className="artist"
    >
      <input
        className="artist__input visually-hidden"
        id="answer-0"
        name="answer"
        type="radio"
        value="artist-0"
      />
      <label
        className="artist__name"
        htmlFor="answer-0"
        onClick={[Function]}
      >
        <img
          alt="Пелагея"
          className="artist__picture"
          src="http://placehold.it/134x134"
        />
        Пелагея
      </label>
    </div>
    <div
      className="artist"
    >
      <input
        className="artist__input visually-hidden"
        id="answer-1"
        name="answer"
        type="radio"
        value="artist-1"
      />
      <label
        className="artist__name"
        htmlFor="answer-1"
        onClick={[Function]}
      >
        <img
          alt="Краснознаменная дивизия имени моей бабушки"
          className="artist__picture"
          src="http://placehold.it/134x134"
        />
        Краснознаменная дивизия имени моей бабушки
      </label>
    </div>
    <div
      className="artist"
    >
      <input
        className="artist__input visually-hidden"
        id="answer-2"
        name="answer"
        type="radio"
        value="artist-2"
      />
      <label
        className="artist__name"
        htmlFor="answer-2"
        onClick={[Function]}
      >
        <img
          alt="Lorde"
          className="artist__picture"
          src="http://placehold.it/134x134"
        />
        Lorde
      </label>
    </div>
  </form>,
]
`;
